[transformers] `torch_dtype` is deprecated! Use `dtype` instead!
loading weights ...
  loaded 400/851
  loaded 800/851
  loaded 851/851
p02-math: prompt 110 tokens, oracle has 64

step  picked  oracle    margin  top-5 (token:logit)
------------------------------------------------------------------------------
[transformers] `causal_conv1d_fn` is falling back to its reference PyTorch implementation because `causal_conv1d` is not installed. This is correct but much slower; install `causal_conv1d` for the optimized kernel.
[transformers] `chunk_gated_delta_rule` is falling back to its reference PyTorch implementation because `flash-linear-attention` is not installed. This is correct but much slower; install `flash-linear-attention` for the optimized kernel.
   0    1596    1596    8.2500  1596:30.000 22916:21.750 9764:19.875 5236:18.375 760:18.000
   1    1144    1144    9.2500  1144:31.250 513:22.000 599:21.500 4087:19.000 1902:18.750
   2    4087    4087    3.0000  4087:28.500 11290:25.500 5707:19.875 310:18.375 3299:17.500
   3    6673    6673    1.7500  6673:23.500 3299:21.750 4145:21.625 1156:21.125 264:20.875
   4    3299    3299    1.0000  3299:26.125 3377:25.125 13:22.000 31626:17.750 31413:17.750
   5    3377    3377   10.7500  3377:30.125 13:19.375 33441:18.750 96304:17.375 3448:16.750
   6      13      13    5.3750  13:28.625 440:23.250 11:20.500 4145:19.000 1420:18.500
   7   14235   14235    1.3750  14235:22.500 1165:21.125 6558:21.000 2725:20.875 4543:20.750
   8   11290   11290    0.7500  11290:24.875 2781:24.125 3300:23.500 12204:23.250 1420:23.250
   9      13      13    0.5000  13:25.250 15060:24.750 25:23.000 321:20.250 440:19.750
  10   25291   25291    0.2500  25291:22.125 6558:21.875 271:19.875 21397:19.375 5339:18.125
  11      16      16    0.1250  16:22.875 220:22.750 10583:22.250 357:19.875 1118:17.250
  12   10583   10583    4.0000  10583:24.750 2101:20.750 220:19.000 9893:18.250 506:17.750
  13     220     220    0.3750  220:21.000 9893:20.625 506:17.000 62160:13.000 1788:12.938

wrote bench/ppl/margin-p02-math.json

five tightest decisions:
  step  11  margin 0.1250  picked 16
  step  10  margin 0.2500  picked 25291
  step  13  margin 0.3750  picked 220
  step   9  margin 0.5000  picked 13
  step   8  margin 0.7500  picked 11290
