instantiating model in bf16 ...
[transformers] `torch_dtype` is deprecated! Use `dtype` instead!
loading weights ...
  loaded 400/851
  loaded 800/851
  loaded 851/851
[transformers] `causal_conv1d_fn` is falling back to its reference PyTorch implementation because `causal_conv1d` is not installed. This is correct but much slower; install `causal_conv1d` for the optimized kernel.
[transformers] `chunk_gated_delta_rule` is falling back to its reference PyTorch implementation because `flash-linear-attention` is not installed. This is correct but much slower; install `flash-linear-attention` for the optimized kernel.
[1/8] p01-capital    prompt  59 tok  out  30 tok (eos)   12.4s  -> fixtures/oracle-multi/p01-capital/greedy_tokens.json
    ids:  [1421, 16561, 25, 328, 3710, 369, 279, 6511, 314, 9338, 7285, 8722, 57879, 3296, 13, 21134, 25, 11751, 13, 198, 248069, 271, 760, 6511]
[2/8] p02-math       prompt 110 tok  out  64 tok        26.5s  -> fixtures/oracle-multi/p02-math/greedy_tokens.json
    ids:  [1596, 1144, 4087, 6673, 3299, 3377, 13, 14235, 11290, 13, 25291, 16, 10583, 220, 17, 25, 16, 20, 506, 220, 21, 23, 32836, 13]
[3/8] p03-code       prompt  76 tok  out  64 tok        24.5s  -> fixtures/oracle-multi/p03-code/greedy_tokens.json
    ids:  [1596, 1144, 4087, 1156, 25, 328, 7734, 264, 12654, 709, 421, 4829, 264, 1103, 314, 24959, 321, 4523, 279, 21354, 24660, 7459, 1146, 15057]
[4/8] p04-chinese    prompt  76 tok  out  64 tok        24.4s  -> fixtures/oracle-multi/p04-chinese/greedy_tokens.json
    ids:  [97237, 95826, 99986, 104118, 4960, 139054, 99986, 98682, 97434, 108829, 101742, 98138, 103725, 9616, 24797, 36, 46662, 98404, 96540, 101643, 103243, 96601, 103725, 95772]
[5/8] p05-prime      prompt  74 tok  out  64 tok        24.5s  -> fixtures/oracle-multi/p05-prime/greedy_tokens.json
    ids:  [1596, 1144, 4087, 1156, 25, 328, 826, 279, 1118, 220, 16, 17, 9944, 4947, 321, 1179, 10033, 303, 799, 11316, 3069, 220, 16, 369]
[6/8] p06-kyoto      prompt  93 tok  out  64 tok        25.5s  -> fixtures/oracle-multi/p06-kyoto/greedy_tokens.json
    ids:  [1596, 1144, 4087, 1156, 579, 1622, 303, 6163, 13, 14235, 7936, 1534, 11346, 3019, 364, 2756, 220, 18, 12, 20, 78229, 6492, 11, 2756]
[7/8] p07-proof      prompt  80 tok  out  64 tok        24.8s  -> fixtures/oracle-multi/p07-proof/greedy_tokens.json
    ids:  [1596, 1144, 4087, 1156, 25, 328, 1289, 571, 421, 279, 9057, 3578, 314, 220, 17, 369, 58609, 11, 1179, 10033, 1332, 279, 10741, 17758]
[8/8] p08-longctx    prompt 367 tok  out  64 tok        46.5s  -> fixtures/oracle-multi/p08-longctx/greedy_tokens.json
    ids:  [1596, 1144, 310, 4087, 1156, 579, 1622, 25, 328, 4274, 279, 2614, 20438, 15060, 13, 2423, 15380, 25, 733, 799, 11316, 11, 1092, 369]
wrote 8 oracle(s) to fixtures/oracle-multi
